
Memory Configuration

Name             Origin             Length             Attributes
*default*        0x0000000000000000 0xffffffffffffffff

Linker script and memory map

LOAD obj/startup.o
LOAD obj/libnx.o
LOAD obj/libplat.o
LOAD obj/libarmv7.o
LOAD obj/serial.o
LOAD obj/printf.o
LOAD obj/smc_entry.o
LOAD obj/sip_main.o
LOAD obj/tz.o
LOAD obj/build_info.o
LOAD obj/main.o
START GROUP
END GROUP
                0x0000000041000000                . = 0x41000000
                0x0000000041000000                . = ALIGN (0x4)

.text           0x0000000041000000      0x860
 obj/startup.o(.text)
 .text          0x0000000041000000       0x5c obj/startup.o
                0x0000000041000000                vectors
 *(.init.text)
 *(.init.data)
 *(.init.code)
 *(.text)
 .text          0x000000004100005c      0x116 obj/libnx.o
                0x000000004100005c                memcpy
                0x0000000041000072                memset
                0x0000000041000082                memcmp
                0x00000000410000a2                abs
                0x00000000410000aa                round_up
                0x00000000410000ca                get_quotient
                0x0000000041000126                get_remainder
 *fill*         0x0000000041000172        0xe 
 .text          0x0000000041000180       0xbc obj/libplat.o
                0x0000000041000180                extcfg_get_bopt
                0x0000000041000190                extcfg_set_bopt
                0x00000000410001a0                smc_get_fnptr
                0x00000000410001b0                smc_set_fnptr
                0x00000000410001c0                secure_launch
                0x00000000410001e0                non_secure_launch
 *fill*         0x000000004100023c        0x4 
 .text          0x0000000041000240       0xc8 obj/libarmv7.o
                0x0000000041000240                enable_fpu
                0x0000000041000260                set_nonsecure_mode
                0x0000000041000270                set_secure_mode
                0x0000000041000280                get_secure_status
                0x0000000041000290                armv7_get_cpuid
                0x00000000410002a0                armv7_get_mpidr
                0x00000000410002b0                armv7_set_auxctrl
                0x00000000410002c0                armv7_get_auxctrl
                0x00000000410002d0                armv7_get_scr
                0x00000000410002e0                armv7_set_scr
                0x00000000410002f0                set_mon_mode
                0x0000000041000300                set_svc_mode
 .text          0x0000000041000308       0x9c obj/serial.o
                0x0000000041000308                serial_init
                0x000000004100031c                serial_is_tx_empty
                0x0000000041000330                serial_is_rx_empty
                0x0000000041000344                serial_getc
                0x000000004100035c                serial_putc
                0x0000000041000370                serial_is_busy
                0x0000000041000380                serial_is_uart_tx_done
 .text          0x00000000410003a4      0x228 obj/printf.o
                0x00000000410004bc                printf
                0x00000000410005c4                empty_printf
 *fill*         0x00000000410005cc       0x34 
 .text          0x0000000041000600      0x11c obj/smc_entry.o
                0x0000000041000600                iram_dev_freq
                0x0000000041000604                iram_suspend
                0x0000000041000610                smc_asm_monitor_fiq_handler
                0x0000000041000620                smc_asm_handler
                0x0000000041000680                monitor_vectors
                0x00000000410006a0                monitor_mode_init
                0x0000000041000700                set_montior_vector
                0x0000000041000710                smc_call
 .text          0x000000004100071c       0x88 obj/sip_main.o
                0x000000004100071c                bl1_smc_handler
                0x000000004100074c                sip_smc_handler
 .text          0x00000000410007a4       0x94 obj/tz.o
                0x00000000410007a4                tzasc_set_regionx
                0x00000000410007ec                tz_initialize
 .text          0x0000000041000838       0x28 obj/build_info.o
                0x0000000041000838                build_information
 .text          0x0000000041000860        0x0 obj/main.o

.glue_7         0x0000000041000860        0x0
 .glue_7        0x0000000041000860        0x0 linker stubs

.glue_7t        0x0000000041000860        0x0
 .glue_7t       0x0000000041000860        0x0 linker stubs

.vfp11_veneer   0x0000000041000860        0x0
 .vfp11_veneer  0x0000000041000860        0x0 linker stubs

.v4_bx          0x0000000041000860        0x0
 .v4_bx         0x0000000041000860        0x0 linker stubs

.iplt           0x0000000041000860        0x0
 .iplt          0x0000000041000860        0x0 obj/startup.o

.text.startup   0x0000000041000860       0x10
 .text.startup  0x0000000041000860       0x10 obj/main.o
                0x0000000041000860                main
                0x0000000041000870                . = ALIGN (0x4)

.rodata         0x0000000041000870       0xa3
 *(.rodata*)
 .rodata.str1.1
                0x0000000041000870        0x7 obj/printf.o
 .rodata        0x0000000041000877       0x10 obj/sip_main.o
 .rodata.str1.1
                0x0000000041000887       0x4b obj/sip_main.o
 .rodata.str1.1
                0x00000000410008d2       0x41 obj/build_info.o

.rel.dyn        0x0000000041000914        0x0
 .rel.iplt      0x0000000041000914        0x0 obj/startup.o
                0x0000000041000914                . = ALIGN (0x4)

.data           0x0000000041000914       0x60
 *(.data*)
 .data          0x0000000041000914        0x0 obj/startup.o
 .data          0x0000000041000914        0x0 obj/libnx.o
 .data          0x0000000041000914        0x0 obj/libplat.o
 .data          0x0000000041000914        0x0 obj/libarmv7.o
 .data          0x0000000041000914        0x0 obj/serial.o
 .data          0x0000000041000914        0x0 obj/printf.o
 .data          0x0000000041000914        0x0 obj/smc_entry.o
 .data          0x0000000041000914        0x0 obj/sip_main.o
 .data          0x0000000041000914       0x60 obj/tz.o
                0x0000000041000914                sys_buscfg
                0x0000000041000928                usb_cfg_bus_secure
                0x0000000041000930                mm_bus_secure
                0x000000004100093c                ddr_bus_secure
                0x0000000041000964                hsif_bus_secure
                0x000000004100096c                cpu_busctrl
 .data          0x0000000041000974        0x0 obj/build_info.o
 .data          0x0000000041000974        0x0 obj/main.o

.igot.plt       0x0000000041000974        0x0
 .igot.plt      0x0000000041000974        0x0 obj/startup.o
                0x0000000041000974                . = ALIGN (0x4)

.got
 *(.got)
                0x0000000041000974                _end = .
                0x0000000041000974                __bss_start__ = .

.bss_start      0x0000000041000974        0x0
 *(.__bss_start)
                0x0000000041000974                __bss_base = .

.bss            0x0000000041000974        0x4
 *(.bss*)
 .bss           0x0000000041000974        0x0 obj/startup.o
 .bss           0x0000000041000974        0x0 obj/libnx.o
 .bss           0x0000000041000974        0x0 obj/libplat.o
 .bss           0x0000000041000974        0x0 obj/libarmv7.o
 .bss           0x0000000041000974        0x4 obj/serial.o
 .bss           0x0000000041000978        0x0 obj/printf.o
 .bss           0x0000000041000978        0x0 obj/smc_entry.o
 .bss           0x0000000041000978        0x0 obj/sip_main.o
 .bss           0x0000000041000978        0x0 obj/tz.o
 .bss           0x0000000041000978        0x0 obj/build_info.o
 .bss           0x0000000041000978        0x0 obj/main.o
                0x0000000041000978                . = ALIGN (0x4)
                0x0000000041000978                __bss_limit = .

.bss_end
 *(.__bss_end)
                0x0000000041000978                __bss_end__ = .
OUTPUT(out/bl32.elf elf32-littlearm)

.ARM.attributes
                0x0000000000000000       0x3b
 .ARM.attributes
                0x0000000000000000       0x2b obj/startup.o
 .ARM.attributes
                0x000000000000002b       0x3f obj/libnx.o
 .ARM.attributes
                0x000000000000006a       0x2b obj/libplat.o
 .ARM.attributes
                0x0000000000000095       0x2b obj/libarmv7.o
 .ARM.attributes
                0x00000000000000c0       0x3f obj/serial.o
 .ARM.attributes
                0x00000000000000ff       0x3f obj/printf.o
 .ARM.attributes
                0x000000000000013e       0x2b obj/smc_entry.o
 .ARM.attributes
                0x0000000000000169       0x3f obj/sip_main.o
 .ARM.attributes
                0x00000000000001a8       0x3f obj/tz.o
 .ARM.attributes
                0x00000000000001e7       0x3f obj/build_info.o
 .ARM.attributes
                0x0000000000000226       0x3f obj/main.o

.comment        0x0000000000000000       0x2d
 .comment       0x0000000000000000       0x2d obj/libnx.o
                                         0x2e (size before relaxing)
 .comment       0x000000000000002d       0x2e obj/serial.o
 .comment       0x000000000000002d       0x2e obj/printf.o
 .comment       0x000000000000002d       0x2e obj/sip_main.o
 .comment       0x000000000000002d       0x2e obj/tz.o
 .comment       0x000000000000002d       0x2e obj/build_info.o
 .comment       0x000000000000002d       0x2e obj/main.o

.note.GNU-stack
                0x0000000000000000        0x0
 .note.GNU-stack
                0x0000000000000000        0x0 obj/libnx.o
 .note.GNU-stack
                0x0000000000000000        0x0 obj/serial.o
 .note.GNU-stack
                0x0000000000000000        0x0 obj/printf.o
 .note.GNU-stack
                0x0000000000000000        0x0 obj/sip_main.o
 .note.GNU-stack
                0x0000000000000000        0x0 obj/tz.o
 .note.GNU-stack
                0x0000000000000000        0x0 obj/build_info.o
 .note.GNU-stack
                0x0000000000000000        0x0 obj/main.o

.debug_line     0x0000000000000000      0x668
 .debug_line    0x0000000000000000       0x55 obj/startup.o
 .debug_line    0x0000000000000055       0xc4 obj/libnx.o
 .debug_line    0x0000000000000119       0x63 obj/libplat.o
 .debug_line    0x000000000000017c       0x65 obj/libarmv7.o
 .debug_line    0x00000000000001e1       0x7d obj/serial.o
 .debug_line    0x000000000000025e      0x1b3 obj/printf.o
 .debug_line    0x0000000000000411       0x82 obj/smc_entry.o
 .debug_line    0x0000000000000493       0x80 obj/sip_main.o
 .debug_line    0x0000000000000513       0x74 obj/tz.o
 .debug_line    0x0000000000000587       0x61 obj/build_info.o
 .debug_line    0x00000000000005e8       0x80 obj/main.o

.debug_info     0x0000000000000000     0x1a10
 .debug_info    0x0000000000000000       0x7b obj/startup.o
 .debug_info    0x000000000000007b      0x31e obj/libnx.o
 .debug_info    0x0000000000000399       0x7f obj/libplat.o
 .debug_info    0x0000000000000418       0x80 obj/libarmv7.o
 .debug_info    0x0000000000000498      0x17e obj/serial.o
 .debug_info    0x0000000000000616      0x5c2 obj/printf.o
 .debug_info    0x0000000000000bd8       0x86 obj/smc_entry.o
 .debug_info    0x0000000000000c5e      0x1f7 obj/sip_main.o
 .debug_info    0x0000000000000e55      0x573 obj/tz.o
 .debug_info    0x00000000000013c8       0xbb obj/build_info.o
 .debug_info    0x0000000000001483      0x58d obj/main.o

.debug_abbrev   0x0000000000000000      0x8bd
 .debug_abbrev  0x0000000000000000       0x14 obj/startup.o
 .debug_abbrev  0x0000000000000014       0xfb obj/libnx.o
 .debug_abbrev  0x000000000000010f       0x14 obj/libplat.o
 .debug_abbrev  0x0000000000000123       0x14 obj/libarmv7.o
 .debug_abbrev  0x0000000000000137       0xf3 obj/serial.o
 .debug_abbrev  0x000000000000022a      0x229 obj/printf.o
 .debug_abbrev  0x0000000000000453       0x14 obj/smc_entry.o
 .debug_abbrev  0x0000000000000467      0x129 obj/sip_main.o
 .debug_abbrev  0x0000000000000590      0x195 obj/tz.o
 .debug_abbrev  0x0000000000000725       0x7c obj/build_info.o
 .debug_abbrev  0x00000000000007a1      0x11c obj/main.o

.debug_aranges  0x0000000000000000      0x160
 .debug_aranges
                0x0000000000000000       0x20 obj/startup.o
 .debug_aranges
                0x0000000000000020       0x20 obj/libnx.o
 .debug_aranges
                0x0000000000000040       0x20 obj/libplat.o
 .debug_aranges
                0x0000000000000060       0x20 obj/libarmv7.o
 .debug_aranges
                0x0000000000000080       0x20 obj/serial.o
 .debug_aranges
                0x00000000000000a0       0x20 obj/printf.o
 .debug_aranges
                0x00000000000000c0       0x20 obj/smc_entry.o
 .debug_aranges
                0x00000000000000e0       0x20 obj/sip_main.o
 .debug_aranges
                0x0000000000000100       0x20 obj/tz.o
 .debug_aranges
                0x0000000000000120       0x20 obj/build_info.o
 .debug_aranges
                0x0000000000000140       0x20 obj/main.o

.debug_loc      0x0000000000000000     0x138d
 .debug_loc     0x0000000000000000      0x6fc obj/libnx.o
 .debug_loc     0x00000000000006fc       0x6e obj/serial.o
 .debug_loc     0x000000000000076a      0x828 obj/printf.o
 .debug_loc     0x0000000000000f92      0x2dc obj/sip_main.o
 .debug_loc     0x000000000000126e      0x11f obj/tz.o

.debug_str      0x0000000000000000      0x8c4
 .debug_str     0x0000000000000000      0x18b obj/libnx.o
                                        0x1c2 (size before relaxing)
 .debug_str     0x000000000000018b      0x103 obj/serial.o
                                        0x22f (size before relaxing)
 .debug_str     0x000000000000028e       0x92 obj/printf.o
                                        0x1ec (size before relaxing)
 .debug_str     0x0000000000000320       0x57 obj/sip_main.o
                                        0x1d4 (size before relaxing)
 .debug_str     0x0000000000000377      0x2a8 obj/tz.o
                                        0x43b (size before relaxing)
 .debug_str     0x000000000000061f       0x23 obj/build_info.o
                                        0x198 (size before relaxing)
 .debug_str     0x0000000000000642      0x282 obj/main.o
                                        0x432 (size before relaxing)

.debug_frame    0x0000000000000000      0x2d8
 .debug_frame   0x0000000000000000       0xac obj/libnx.o
 .debug_frame   0x00000000000000ac       0x80 obj/serial.o
 .debug_frame   0x000000000000012c       0xc8 obj/printf.o
 .debug_frame   0x00000000000001f4       0x50 obj/sip_main.o
 .debug_frame   0x0000000000000244       0x3c obj/tz.o
 .debug_frame   0x0000000000000280       0x2c obj/build_info.o
 .debug_frame   0x00000000000002ac       0x2c obj/main.o

.debug_ranges   0x0000000000000000       0xc0
 .debug_ranges  0x0000000000000000       0xb0 obj/printf.o
 .debug_ranges  0x00000000000000b0       0x10 obj/main.o

Cross Reference Table

Symbol                                            File
__bss_end__                                       obj/startup.o
__bss_start__                                     obj/startup.o
abs                                               obj/libnx.o
armv7_get_auxctrl                                 obj/libarmv7.o
armv7_get_cpuid                                   obj/libarmv7.o
armv7_get_mpidr                                   obj/libarmv7.o
armv7_get_scr                                     obj/libarmv7.o
armv7_set_auxctrl                                 obj/libarmv7.o
armv7_set_scr                                     obj/libarmv7.o
bl1_smc_handler                                   obj/sip_main.o
                                                  obj/smc_entry.o
build_information                                 obj/build_info.o
                                                  obj/main.o
cpu_busctrl                                       obj/tz.o
ddr_bus_secure                                    obj/tz.o
empty_printf                                      obj/printf.o
enable_fpu                                        obj/libarmv7.o
extcfg_get_bopt                                   obj/libplat.o
extcfg_set_bopt                                   obj/libplat.o
get_quotient                                      obj/libnx.o
                                                  obj/printf.o
get_remainder                                     obj/libnx.o
                                                  obj/printf.o
get_secure_status                                 obj/libarmv7.o
get_smc_addr                                      obj/smc_entry.o
hsif_bus_secure                                   obj/tz.o
iram_dev_freq                                     obj/smc_entry.o
iram_suspend                                      obj/smc_entry.o
main                                              obj/main.o
                                                  obj/startup.o
memcmp                                            obj/libnx.o
memcpy                                            obj/libnx.o
memset                                            obj/libnx.o
mm_bus_secure                                     obj/tz.o
monitor_mode_init                                 obj/smc_entry.o
monitor_vectors                                   obj/smc_entry.o
non_secure_launch                                 obj/libplat.o
printf                                            obj/printf.o
                                                  obj/build_info.o
                                                  obj/sip_main.o
round_up                                          obj/libnx.o
secure_launch                                     obj/libplat.o
serial_getc                                       obj/serial.o
serial_init                                       obj/serial.o
                                                  obj/main.o
serial_is_busy                                    obj/serial.o
serial_is_rx_empty                                obj/serial.o
serial_is_tx_empty                                obj/serial.o
serial_is_uart_tx_done                            obj/serial.o
serial_putc                                       obj/serial.o
                                                  obj/printf.o
set_mon_mode                                      obj/libarmv7.o
set_montior_vector                                obj/smc_entry.o
                                                  obj/startup.o
set_nonsecure_mode                                obj/libarmv7.o
                                                  obj/libplat.o
                                                  obj/startup.o
set_secure_mode                                   obj/libarmv7.o
set_svc_mode                                      obj/libarmv7.o
sip_smc_handler                                   obj/sip_main.o
                                                  obj/smc_entry.o
smc_asm_handler                                   obj/smc_entry.o
smc_asm_monitor_fiq_handler                       obj/smc_entry.o
smc_call                                          obj/smc_entry.o
smc_get_fnptr                                     obj/libplat.o
                                                  obj/sip_main.o
smc_set_fnptr                                     obj/libplat.o
sys_buscfg                                        obj/tz.o
tz_initialize                                     obj/tz.o
tzasc_set_regionx                                 obj/tz.o
usb_cfg_bus_secure                                obj/tz.o
vectors                                           obj/startup.o
